yarn run v1.22.22
$ next dev
  ▲ Next.js 14.2.28
  - Local:        http://localhost:3000
  - Environments: .env
  - Experiments (use with caution):
    · outputFileTracingRoot

 ✓ Starting...
 ✓ Ready in 3.8s
 ○ Compiling / ...
 ✓ Compiled / in 5.9s (1246 modules)
 GET / 200 in 6655ms
 ✓ Compiled in 796ms (618 modules)
 ○ Compiling /products/bulk-upload ...
 GET /purchase-orders 500 in 9402ms
 GET / 500 in 9417ms
 GET /suppliers 500 in 9355ms
 GET /inventory 500 in 9357ms
 GET /products 500 in 9392ms
 GET /purchase-orders/new 500 in 9356ms
 GET /products/bulk-upload 500 in 9355ms
 GET /analytics 500 in 9345ms
 GET /products 500 in 117ms
 GET /purchase-orders 500 in 110ms
 GET / 500 in 114ms
 GET /products/bulk-upload 500 in 130ms
 GET /inventory 500 in 123ms
 GET /suppliers 500 in 122ms
 GET /purchase-orders/new 500 in 121ms
 GET /analytics 500 in 139ms
 GET / 500 in 17ms
 ✓ Compiled /_error in 976ms (1602 modules)
 ✓ Compiled in 391ms (1554 modules)
 ✓ Compiled in 479ms (1542 modules)
 ✓ Compiled in 549ms (1554 modules)
 ✓ Compiled in 428ms (1554 modules)
 ✓ Compiled in 359ms (1554 modules)
 ✓ Compiled in 176ms (1542 modules)
 ✓ Compiled in 396ms (1554 modules)
 ✓ Compiled in 417ms (1554 modules)
 ✓ Compiled in 357ms (1554 modules)
 ✓ Compiled in 332ms (1554 modules)
info Visit https://yarnpkg.com/en/docs/cli/run for documentation about this command.
[?25h
