yarn run v1.22.22
$ next dev
  ▲ Next.js 14.2.28
  - Local:        http://localhost:3000
  - Environments: .env
  - Experiments (use with caution):
    · outputFileTracingRoot

 ✓ Starting...
 ✓ Ready in 2.9s
 ○ Compiling / ...
 ✓ Compiled / in 5s (1193 modules)
 GET / 200 in 5487ms
 ✓ Compiled in 523ms (599 modules)
 ○ Compiling /analytics ...
 GET / 500 in 8458ms
 GET /purchase-orders/new 500 in 8451ms
 GET /suppliers 500 in 8419ms
 GET /products 500 in 8417ms
 GET /inventory 500 in 8406ms
 GET /analytics 500 in 8406ms
 GET /purchase-orders 500 in 8404ms
 GET /purchase-orders/new 500 in 120ms
 GET /inventory 500 in 132ms
 GET / 500 in 103ms
 GET /products 500 in 141ms
 GET /suppliers 500 in 122ms
 GET /purchase-orders 500 in 128ms
 GET /analytics 500 in 125ms
 GET / 500 in 71ms
 GET / 500 in 21ms
 ✓ Compiled /_error in 3.4s (2924 modules)
 ✓ Compiled in 657ms (2926 modules)
 GET / 200 in 166ms
 ✓ Compiled /api/dashboard in 424ms (1421 modules)
 GET /api/dashboard 200 in 875ms
 ✓ Compiled /api/suppliers in 227ms (1423 modules)
 GET /api/suppliers 200 in 349ms
 ✓ Compiled /api/products in 237ms (1425 modules)
 GET /api/products 200 in 354ms
 ✓ Compiled /api/inventory/low-stock in 239ms (1427 modules)
 GET /api/inventory/low-stock 200 in 372ms
 ✓ Compiled /api/analytics in 294ms (1429 modules)
 GET /api/analytics 200 in 466ms
 GET / 200 in 109ms
 GET /api/inventory/low-stock 200 in 147ms
 GET /api/dashboard 200 in 152ms
 GET /api/inventory/low-stock 200 in 25ms
 GET /api/dashboard 200 in 29ms
 ✓ Compiled in 769ms (2195 modules)
 ✓ Compiled in 415ms (1533 modules)
 ✓ Compiled in 390ms (1533 modules)
 ✓ Compiled in 353ms (1533 modules)
 ✓ Compiled in 383ms (1533 modules)
 ✓ Compiled in 441ms (1533 modules)
 ✓ Compiled in 341ms (1533 modules)
 ✓ Compiled in 420ms (1533 modules)
 ✓ Compiled in 363ms (1533 modules)
[?25h
