 ⚠ Fast Refresh had to perform a full reload due to a runtime error.
 ⚠ ./lib/utils.ts
Attempted import error: 'GST_RATES' is not exported from './types' (imported as 'GST_RATES').

Import trace for requested module:
./lib/utils.ts
./app/page.tsx

./lib/utils.ts
Attempted import error: 'GST_RATES' is not exported from './types' (imported as 'GST_RATES').

Import trace for requested module:
./lib/utils.ts
./app/page.tsx
 ⚠ ./lib/utils.ts
Attempted import error: 'GST_RATES' is not exported from './types' (imported as 'GST_RATES').

Import trace for requested module:
./lib/utils.ts
./app/page.tsx

./lib/utils.ts
Attempted import error: 'GST_RATES' is not exported from './types' (imported as 'GST_RATES').

Import trace for requested module:
./lib/utils.ts
./app/page.tsx
 ⚠ ./lib/utils.ts
Attempted import error: 'GST_RATES' is not exported from './types' (imported as 'GST_RATES').

Import trace for requested module:
./lib/utils.ts
./app/page.tsx

./lib/utils.ts
Attempted import error: 'GST_RATES' is not exported from './types' (imported as 'GST_RATES').

Import trace for requested module:
./lib/utils.ts
./app/page.tsx
 ⚠ ./lib/utils.ts
Attempted import error: 'GST_RATES' is not exported from './types' (imported as 'GST_RATES').

Import trace for requested module:
./lib/utils.ts
./app/page.tsx

./lib/utils.ts
Attempted import error: 'GST_RATES' is not exported from './types' (imported as 'GST_RATES').

Import trace for requested module:
./lib/utils.ts
./app/page.tsx
 ⚠ ./lib/utils.ts
Attempted import error: 'GST_RATES' is not exported from './types' (imported as 'GST_RATES').

Import trace for requested module:
./lib/utils.ts
./app/page.tsx

./lib/utils.ts
Attempted import error: 'GST_RATES' is not exported from './types' (imported as 'GST_RATES').

Import trace for requested module:
./lib/utils.ts
./app/page.tsx
 ⚠ ./lib/utils.ts
Attempted import error: 'GST_RATES' is not exported from './types' (imported as 'GST_RATES').

Import trace for requested module:
./lib/utils.ts
./app/page.tsx

./lib/utils.ts
Attempted import error: 'GST_RATES' is not exported from './types' (imported as 'GST_RATES').

Import trace for requested module:
./lib/utils.ts
./app/page.tsx
 ⚠ ./lib/utils.ts
Attempted import error: 'GST_RATES' is not exported from './types' (imported as 'GST_RATES').

Import trace for requested module:
./lib/utils.ts
./app/page.tsx

./lib/utils.ts
Attempted import error: 'GST_RATES' is not exported from './types' (imported as 'GST_RATES').

Import trace for requested module:
./lib/utils.ts
./app/page.tsx
 ⚠ ./lib/utils.ts
Attempted import error: 'GST_RATES' is not exported from './types' (imported as 'GST_RATES').

Import trace for requested module:
./lib/utils.ts
./app/page.tsx

./lib/utils.ts
Attempted import error: 'GST_RATES' is not exported from './types' (imported as 'GST_RATES').

Import trace for requested module:
./lib/utils.ts
./app/page.tsx
 ⚠ ./lib/utils.ts
Attempted import error: 'GST_RATES' is not exported from './types' (imported as 'GST_RATES').

Import trace for requested module:
./lib/utils.ts
./app/page.tsx

./lib/utils.ts
Attempted import error: 'GST_RATES' is not exported from './types' (imported as 'GST_RATES').

Import trace for requested module:
./lib/utils.ts
./app/page.tsx
 ⚠ ./lib/utils.ts
Attempted import error: 'GST_RATES' is not exported from './types' (imported as 'GST_RATES').

Import trace for requested module:
./lib/utils.ts
./app/page.tsx

./lib/utils.ts
Attempted import error: 'GST_RATES' is not exported from './types' (imported as 'GST_RATES').

Import trace for requested module:
./lib/utils.ts
./app/page.tsx
 ⚠ ./lib/utils.ts
Attempted import error: 'GST_RATES' is not exported from './types' (imported as 'GST_RATES').

Import trace for requested module:
./lib/utils.ts
./app/page.tsx

./lib/utils.ts
Attempted import error: 'GST_RATES' is not exported from './types' (imported as 'GST_RATES').

Import trace for requested module:
./lib/utils.ts
./app/page.tsx
