yarn run v1.22.22
$ next dev
  ▲ Next.js 14.2.28
  - Local:        http://localhost:3000
  - Environments: .env
  - Experiments (use with caution):
    · outputFileTracingRoot

 ✓ Starting...
 ✓ Ready in 2.2s
 ○ Compiling / ...
 ✓ Compiled / in 3.5s (1186 modules)
 GET / 200 in 691ms
 GET / 200 in 4054ms
 ✓ Compiled in 559ms (599 modules)
 ✓ Compiled /api/dashboard in 412ms (618 modules)
 ✓ Compiled (620 modules)
 GET /api/inventory/low-stock 200 in 755ms
 GET /api/dashboard 200 in 783ms
 GET /api/inventory/low-stock 200 in 20ms
 GET /api/dashboard 200 in 27ms
 GET / 200 in 74ms
 GET /api/inventory/low-stock 200 in 24ms
 GET /api/dashboard 200 in 29ms
 GET /api/inventory/low-stock 200 in 26ms
 GET /api/dashboard 200 in 25ms
 GET / 200 in 47ms
 GET / 200 in 30ms
 GET / 200 in 30ms
 GET /api/inventory/low-stock 200 in 23ms
 GET /api/dashboard 200 in 29ms
 GET /api/inventory/low-stock 200 in 17ms
 GET /api/dashboard 200 in 18ms
 ✓ Compiled in 3.3s (1246 modules)
 ✓ Compiled (1234 modules)
 GET / 200 in 140ms
 ✓ Compiled /api/dashboard in 144ms (659 modules)
 ✓ Compiled (661 modules)
 GET /api/inventory/low-stock 200 in 693ms
 GET /api/dashboard 200 in 676ms
 GET /api/dashboard 200 in 24ms
 GET /api/inventory/low-stock 200 in 27ms
 ✓ Compiled in 1197ms (1234 modules)
[?25h
