yarn run v1.22.22
$ next dev
  ▲ Next.js 14.2.28
  - Local:        http://localhost:3000
  - Environments: .env
  - Experiments (use with caution):
    · outputFileTracingRoot

 ✓ Starting...
 ✓ Ready in 2.5s
 ○ Compiling / ...
 ✓ Compiled / in 5.4s (1193 modules)
 GET / 200 in 5924ms
 ✓ Compiled in 536ms (599 modules)
 GET / 200 in 117ms
 ○ Compiling /api/inventory/low-stock ...
 ✓ Compiled /api/inventory/low-stock in 5.7s (2717 modules)
 GET /analytics 200 in 6089ms
 GET /products 200 in 6101ms
 GET /purchase-orders/new 200 in 6169ms
 GET /inventory 200 in 6105ms
 GET /purchase-orders 200 in 6101ms
 GET /suppliers 200 in 6131ms
 GET /api/dashboard 200 in 5910ms
 GET /api/inventory/low-stock 200 in 5999ms
 GET /api/dashboard 200 in 145ms
 GET /api/inventory/low-stock 200 in 110ms
 ✓ Compiled /api/inventory in 407ms (1383 modules)
 ✓ Compiled (1391 modules)
 GET /api/purchase-orders 200 in 1011ms
 GET /api/suppliers 200 in 1029ms
 GET /api/inventory?category=all&stockStatus=all&search= 200 in 955ms
 GET /api/suppliers 200 in 969ms
 GET /api/purchase-orders 200 in 30ms
 GET /api/products 200 in 1018ms
 GET /api/products 200 in 981ms
 GET /api/suppliers 200 in 52ms
 GET /api/analytics 200 in 1109ms
 GET /api/inventory?category=all&stockStatus=all&search= 200 in 70ms
 GET /api/suppliers 200 in 73ms
 GET /api/products 200 in 84ms
 GET /api/products 200 in 63ms
 GET /api/analytics 200 in 100ms
 GET /suppliers 200 in 122ms
 GET / 200 in 148ms
 GET /purchase-orders 200 in 162ms
 GET /inventory 200 in 165ms
 GET /products 200 in 165ms
 GET /purchase-orders/new 200 in 168ms
 GET /analytics 200 in 168ms
 ✓ Compiled /api/purchase-orders/pdf in 303ms (1397 modules)
 POST /api/purchase-orders/pdf 200 in 359ms
 GET / 200 in 64ms
 GET /api/inventory/low-stock 200 in 116ms
 GET /api/inventory/low-stock 200 in 21ms
 GET /api/dashboard 200 in 155ms
 GET /api/dashboard 200 in 21ms
 POST /api/purchase-orders 500 in 106ms
 POST /api/purchase-orders 201 in 31ms
 GET /purchase-orders 200 in 45ms
 GET /api/purchase-orders 200 in 22ms
 GET /purchase-orders 200 in 32ms
 GET /api/purchase-orders 200 in 24ms
 GET /api/purchase-orders 200 in 24ms
 ✓ Compiled in 956ms (2737 modules)
 ✓ Compiled in 1ms (1389 modules)
 ✓ Compiled in 1ms (1389 modules)
 ✓ Compiled in 1ms (1389 modules)
 GET /purchase-orders 200 in 1091ms
 GET /api/purchase-orders 200 in 115ms
 GET /api/purchase-orders 200 in 23ms
 GET /purchase-orders 200 in 52ms
 GET /api/purchase-orders 200 in 22ms
 GET /api/purchase-orders 200 in 26ms
 POST /api/purchase-orders/pdf 200 in 22ms
 GET /purchase-orders 200 in 46ms
 GET /api/purchase-orders 200 in 26ms
 GET /api/purchase-orders 200 in 24ms
[?25h
