yarn run v1.22.22
$ next dev
  ▲ Next.js 14.2.28
  - Local:        http://localhost:3000
  - Environments: .env
  - Experiments (use with caution):
    · outputFileTracingRoot

 ✓ Starting...
 ✓ Ready in 2s
 ○ Compiling / ...
 ✓ Compiled / in 4.9s (1253 modules)
 GET / 200 in 3487ms
 GET / 200 in 5506ms
 ✓ Compiled in 549ms (618 modules)
 ✓ Compiled /api/inventory/low-stock in 267ms (659 modules)
 ✓ Compiled (661 modules)
 GET /api/inventory/low-stock 200 in 587ms
 GET /api/dashboard 200 in 633ms
 GET /api/inventory/low-stock 200 in 19ms
 GET /api/dashboard 200 in 19ms
 GET / 200 in 87ms
 GET /api/dashboard 200 in 31ms
 GET /api/inventory/low-stock 200 in 31ms
 GET /api/inventory/low-stock 200 in 25ms
 GET /api/dashboard 200 in 27ms
 GET / 200 in 40ms
 GET /api/dashboard 200 in 23ms
 GET /api/inventory/low-stock 200 in 19ms
 GET /api/dashboard 200 in 17ms
 GET / 200 in 34ms
 GET /api/inventory/low-stock 200 in 18ms
 GET / 200 in 34ms
 GET /api/dashboard 200 in 18ms
 GET /api/inventory/low-stock 200 in 16ms
 GET /api/dashboard 200 in 21ms
 GET /api/inventory/low-stock 200 in 22ms
