yarn run v1.22.22
$ next dev
  ▲ Next.js 14.2.28
  - Local:        http://localhost:3000
  - Environments: .env
  - Experiments (use with caution):
    · outputFileTracingRoot

 ✓ Starting...
 ✓ Ready in 2.3s
 ○ Compiling / ...
 ✓ Compiled / in 4.6s (1193 modules)
 GET / 200 in 4921ms
 GET / 200 in 5121ms
 ✓ Compiled in 513ms (599 modules)
 GET / 200 in 46ms
 ✓ Compiled /api/dashboard in 265ms (618 modules)
 ✓ Compiled (620 modules)
 GET /api/inventory/low-stock 200 in 598ms
 GET /api/dashboard 200 in 598ms
 GET /api/inventory/low-stock 200 in 22ms
 GET /api/dashboard 200 in 24ms
 GET / 200 in 97ms
 GET / 200 in 31ms
 GET / 200 in 26ms
 GET /api/inventory/low-stock 200 in 47ms
 GET /api/dashboard 200 in 48ms
 GET /api/inventory/low-stock 200 in 15ms
 GET /api/dashboard 200 in 17ms
 GET / 200 in 31ms
 GET / 200 in 30ms
 GET / 200 in 28ms
 GET /api/inventory/low-stock 200 in 36ms
 GET /api/dashboard 200 in 47ms
 GET /api/inventory/low-stock 200 in 19ms
 GET /api/dashboard 200 in 21ms
 GET /api/inventory/low-stock 200 in 16ms
 GET /api/dashboard 200 in 18ms
 GET /api/inventory/low-stock 200 in 18ms
 GET /api/dashboard 200 in 21ms
 ✓ Compiled in 383ms (599 modules)
 ✓ Compiled in 385ms (599 modules)
 ✓ Compiled in 309ms (599 modules)
 ✓ Compiled in 251ms (599 modules)
 ✓ Compiled in 263ms (599 modules)
[?25h
